// Jest Snapshot v1, https://goo.gl/fbAQLP

exports[`parser 1`] = `
"<!DOCTYPE html>
<html>
  <body>
    <h1>
      Hello World!
    </h1>
  </body>
</html>"
`;
